
 Start  Stop   Length Name               Class

 00000H 0017EH 0017FH _TEXT              CODE
 00180H 0019DH 0001EH _DATA              DATA
 001A0H 0419FH 04000H STACK              STACK
 041A0H 0C19FH 08000H _BSS               BSS


Detailed map of segments

 0000:0000 0019 C=CODE   S=_TEXT          G=(none)  M=STARTER.ASM ACBP=48
 0000:0019 00E9 C=CODE   S=_TEXT          G=(none)  M=SPLIT.C    ACBP=28
 0000:0102 007D C=CODE   S=_TEXT          G=(none)  M=IO.ASM     ACBP=48
 0018:0000 0000 C=DATA   S=_DATA          G=DGROUP  M=STARTER.ASM ACBP=48
 0018:0000 001E C=DATA   S=_DATA          G=DGROUP  M=SPLIT.C    ACBP=48
 0018:001E 0000 C=DATA   S=_DATA          G=DGROUP  M=IO.ASM     ACBP=48
 0018:0020 4000 C=STACK  S=STACK          G=DGROUP  M=STARTER.ASM ACBP=74
 0018:4020 8000 C=BSS    S=_BSS           G=DGROUP  M=SPLIT.C    ACBP=48

  Address         Publics by Name

 0000:0016B idle  _CHMOD
 0000:0012F       _CLOSE
 0000:00102       _CREAT
 0000:00019       _MAIN
 0000:00117       _OPEN
 0000:0013B       _READ
 0000:00153       _WRITE
 0000:000B3 idle  _WRITEDATA
 0000:00040 idle  _WRITEHEADER

  Address         Publics by Value

 0000:0016B idle  _CHMOD
 0000:00153       _WRITE
 0000:0013B       _READ
 0000:0012F       _CLOSE
 0000:00117       _OPEN
 0000:00102       _CREAT
 0000:000B3 idle  _WRITEDATA
 0000:00040 idle  _WRITEHEADER
 0000:00019       _MAIN

Program entry point at 0000:0000

